// Jest Snapshot v1, https://goo.gl/fbAQLP

exports[`button play should render button play 1`] = `
<a
  className="btn btn--play movie-card__button"
  href="/player/3"
  onClick={[Function]}
  style={
    Object {
      "textDecoration": "none",
    }
  }
>
  <svg
    height="19"
    viewBox="0 0 19 19"
    width="19"
  >
    <use
      xlinkHref="#play-s"
    />
  </svg>
  <span>
    Play
  </span>
</a>
`;
