// Jest Snapshot v1, https://goo.gl/fbAQLP

exports[`Tab comments should render tab comments 1`] = `
<div
  className="movie-card__reviews movie-card__row"
>
  <div
    className="movie-card__reviews-col"
  >
    <div
      className="review"
    >
      <blockquote
        className="review__quote"
      >
        <p
          className="review__text"
        >
          some text
        </p>
        <footer
          className="review__details"
        >
          <cite
            className="review__author"
          >
            Simple name
          </cite>
          <time
            className="review__date"
            dateTime="1970-01-15T23:24:03.434Z"
          >
            January 16, 1970
          </time>
        </footer>
      </blockquote>
      <div
        className="review__rating"
      >
        9
      </div>
    </div>
    <div
      className="review"
    >
      <blockquote
        className="review__quote"
      >
        <p
          className="review__text"
        >
          some text
        </p>
        <footer
          className="review__details"
        >
          <cite
            className="review__author"
          >
            Simple name
          </cite>
          <time
            className="review__date"
            dateTime="2379-12-28T18:25:43.183Z"
          >
            December 28, 2379
          </time>
        </footer>
      </blockquote>
      <div
        className="review__rating"
      >
        9
      </div>
    </div>
  </div>
  <div
    className="movie-card__reviews-col"
  >
    <div
      className="review"
    >
      <blockquote
        className="review__quote"
      >
        <p
          className="review__text"
        >
          some text
        </p>
        <footer
          className="review__details"
        >
          <cite
            className="review__author"
          >
            Simple name
          </cite>
          <time
            className="review__date"
            dateTime="1970-01-02T11:56:24.343Z"
          >
            January 2, 1970
          </time>
        </footer>
      </blockquote>
      <div
        className="review__rating"
      >
        6
      </div>
    </div>
  </div>
</div>
`;
