// Jest Snapshot v1, https://goo.gl/fbAQLP

exports[`button exit player should render button exit player 1`] = `
<a
  href="/"
  onClick={[Function]}
>
  <button
    className="player__exit"
    onClick={[Function]}
    type="button"
  >
    Exit
  </button>
</a>
`;
