// Jest Snapshot v1, https://goo.gl/fbAQLP

exports[`Film card main should render film card main 1`] = `
<section
  className="movie-card"
>
  <div
    className="movie-card__bg"
  >
    <img
      alt="The Grand Budapest Hotel"
      src="img/aviator.jpg"
    />
  </div>
  <h1
    className="visually-hidden"
  >
    WTW
  </h1>
  <header
    className="page-header movie-card__head"
  >
    <div
      className="logo"
    >
      <a
        className="logo__link "
      >
        <span
          className="logo__letter logo__letter--1"
        >
          W
        </span>
        <span
          className="logo__letter logo__letter--2"
        >
          T
        </span>
        <span
          className="logo__letter logo__letter--3"
        >
          W
        </span>
      </a>
    </div>
    <div
      className="user-block"
    >
      <a
        className="user-block__link"
        href="/login"
        onClick={[Function]}
      >
        Sign in
      </a>
    </div>
  </header>
  <div
    className="movie-card__wrap"
  >
    <div
      className="movie-card__info"
    >
      <div
        className="movie-card__poster"
      >
        <img
          alt="Devin Albert"
          height="327"
          src="img/aviator.jpg"
          width="218"
        />
      </div>
      <div
        className="movie-card__desc"
      >
        <h2
          className="movie-card__title"
        >
          Devin Albert
        </h2>
        <p
          className="movie-card__meta"
        >
          <span
            className="movie-card__genre"
          >
            Comedy
          </span>
          <span
            className="movie-card__year"
          >
            2015
          </span>
        </p>
        <div
          className="movie-card__buttons"
        >
          <a
            href="/player/1"
            onClick={[Function]}
            style={
              Object {
                "textDecoration": "none",
              }
            }
          >
            <button
              className="btn btn--play movie-card__button"
              type="button"
            >
              <svg
                height="19"
                viewBox="0 0 19 19"
                width="19"
              >
                <use
                  xlinkHref="#play-s"
                />
              </svg>
              <span>
                Play
              </span>
            </button>
          </a>
          <button
            className="btn movie-card__button btn--list"
            onClick={[Function]}
            type="button"
          >
            <svg
              height="20"
              viewBox="0 0 19 20"
              width="19"
            >
              <use
                xlinkHref="#add"
              />
            </svg>
            <span>
              My list
            </span>
          </button>
        </div>
      </div>
    </div>
  </div>
</section>
`;
