// Jest Snapshot v1, https://goo.gl/fbAQLP

exports[`Preview video should render preview video 1`] = `
<video
  autoPlay={true}
  height="175"
  muted={true}
  poster="img/bg-the-grand-budapest-hotel.jpg"
  src="https://upload.wikimedia.org/wikipedia/commons/transcoded/8/87/Schlossbergbahn.webm/Schlossbergbahn.webm.480p.vp9.webm"
/>
`;
