// Jest Snapshot v1, https://goo.gl/fbAQLP

exports[`Film card should render film card 1`] = `
<article
  className="small-movie-card catalog__movies-card"
  onClick={[Function]}
>
  <div
    className="small-movie-card__image"
  >
    <img
      alt="Devin Albert"
      height="175"
      src="img/aviator.jpg"
      width="280"
    />
  </div>
  <h3
    className="small-movie-card__title"
  >
    <a
      className="small-movie-card__link"
      href="#"
    >
      Devin Albert
    </a>
  </h3>
</article>
`;
