// Jest Snapshot v1, https://goo.gl/fbAQLP

exports[`route private route private 1`] = `<div />`;
