// Jest Snapshot v1, https://goo.gl/fbAQLP

exports[`button sign in should render button sign in 1`] = `
<a
  className="user-block__link"
  href="/login"
  onClick={[Function]}
>
  Sign in
</a>
`;
