// Jest Snapshot v1, https://goo.gl/fbAQLP

exports[`Header should render header 1`] = `
Array [
  <div
    className="movie-card__bg"
  >
    <img
      alt="The Grand Budapest Hotel"
      src="img/aviator.jpg"
    />
  </div>,
  <h1
    className="visually-hidden"
  >
    WTW
  </h1>,
  <header
    className="page-header movie-card__head"
  >
    <div
      className="logo"
    >
      <a
        className="logo__link "
      >
        <span
          className="logo__letter logo__letter--1"
        >
          W
        </span>
        <span
          className="logo__letter logo__letter--2"
        >
          T
        </span>
        <span
          className="logo__letter logo__letter--3"
        >
          W
        </span>
      </a>
    </div>
    <div
      className="user-block"
    >
      <a
        className="user-block__link"
        href="/login"
        onClick={[Function]}
      >
        Sign in
      </a>
    </div>
  </header>,
]
`;
