// Jest Snapshot v1, https://goo.gl/fbAQLP

exports[`Tab overview should render tab overview 1`] = `
Array [
  <div
    className="movie-rating"
  >
    <div
      className="movie-rating__score"
    >
      9
    </div>
    <p
      className="movie-rating__meta"
    >
      <span
        className="movie-rating__level"
      >
        Very good
      </span>
      <span
        className="movie-rating__count"
      >
        100
         ratings
      </span>
    </p>
  </div>,
  <div
    className="movie-card__text"
  >
    simple text
    <p
      className="movie-card__director"
    >
      <strong>
        Director: 
        big boss
      </strong>
    </p>
    <p
      className="movie-card__starring"
    >
      <strong>
        Starring: 
        Mike
        Sam
        John
      </strong>
    </p>
  </div>,
]
`;
