// Jest Snapshot v1, https://goo.gl/fbAQLP

exports[`FilmCatalog should render film catalog for like this 1`] = `
<section
  className="catalog"
>
  <h2
    className="catalog__title"
  >
    More like this
  </h2>
  <div
    className="catalog__movies-list like-this"
  />
</section>
`;

exports[`FilmCatalog should render film catalog for main 1`] = `
<section
  className="catalog"
>
  <h2
    className="catalog__title visually-hidden"
  >
    Catalog
  </h2>
  <ul
    className="catalog__genres-list"
  >
    <li
      className="catalog__genres-item catalog__genres-item--active"
      onClick={[Function]}
    >
      <a
        className="catalog__genres-link"
        href="#"
      >
        All genres
      </a>
    </li>
    <li
      className="catalog__genres-item"
      onClick={[Function]}
    >
      <a
        className="catalog__genres-link"
        href="#"
      >
        Comedy
      </a>
    </li>
  </ul>
  <div
    className="catalog__movies-list "
  >
    <article
      className="small-movie-card catalog__movies-card"
      onClick={[Function]}
      onMouseEnter={[Function]}
      onMouseLeave={[Function]}
    >
      <a
        href="/films/1"
        onClick={[Function]}
      >
        <div
          className="small-movie-card__image"
        >
          <img
            alt="Devin Albert"
            height="175"
            src="img/aviator.jpg"
            width="280"
          />
        </div>
      </a>
      <h3
        className="small-movie-card__title"
      >
        <a
          className="small-movie-card__link"
          href="/films/1"
          onClick={[Function]}
        >
          Devin Albert
        </a>
      </h3>
    </article>
    <article
      className="small-movie-card catalog__movies-card"
      onClick={[Function]}
      onMouseEnter={[Function]}
      onMouseLeave={[Function]}
    >
      <a
        href="/films/2"
        onClick={[Function]}
      >
        <div
          className="small-movie-card__image"
        >
          <img
            alt="Devin Albert"
            height="175"
            src="img/aviator.jpg"
            width="280"
          />
        </div>
      </a>
      <h3
        className="small-movie-card__title"
      >
        <a
          className="small-movie-card__link"
          href="/films/2"
          onClick={[Function]}
        >
          Devin Albert
        </a>
      </h3>
    </article>
    <article
      className="small-movie-card catalog__movies-card"
      onClick={[Function]}
      onMouseEnter={[Function]}
      onMouseLeave={[Function]}
    >
      <a
        href="/films/3"
        onClick={[Function]}
      >
        <div
          className="small-movie-card__image"
        >
          <img
            alt="Devin Albert"
            height="175"
            src="img/aviator.jpg"
            width="280"
          />
        </div>
      </a>
      <h3
        className="small-movie-card__title"
      >
        <a
          className="small-movie-card__link"
          href="/films/3"
          onClick={[Function]}
        >
          Devin Albert
        </a>
      </h3>
    </article>
  </div>
  
</section>
`;
