// Jest Snapshot v1, https://goo.gl/fbAQLP

exports[`ButtonAddComment render should render buttonAddComment 1`] = `
<a
  className="btn movie-card__button"
  href="add-review.html"
>
  Add review
</a>
`;
