// Jest Snapshot v1, https://goo.gl/fbAQLP

exports[`ButtonAddComment render should render buttonAddComment 1`] = `
<a
  className="btn movie-card__button"
  href="/films/10/review"
  onClick={[Function]}
>
  Add review
</a>
`;
